00:00 +0: loading C:/Users/Sandeep Kumar/OneDrive/Pictures/Documents/OneDrive/Pictures/Documents/Main Project Code/cocobot/test/widget_test.dart
flutter : lib/theme/app_theme.dart:37:18: Error: The 
argument type 'CardTheme' can't be assigned to the 
parameter type 'CardThemeData?'.
At line:1 char:1
+ flutter test > test_output.txt 2>&1
+ ~~~~~~~~~~~~~~~~~~~~~~~~~~~~~~~~~~~
    + CategoryInfo          : NotSpecified: (lib/theme/ap 
   p_t...ardThemeData?'.:String) [], RemoteException
    + FullyQualifiedErrorId : NativeCommandError
 
 - 'CardTheme' is from 
'package:flutter/src/material/card_theme.dart' ('/C:/flutt
er/packages/flutter/lib/src/material/card_theme.dart').
 - 'CardThemeData' is from 
'package:flutter/src/material/card_theme.dart' ('/C:/flutt
er/packages/flutter/lib/src/material/card_theme.dart').
      cardTheme: CardTheme(
                 ^
00:00 +0 -1: loading C:/Users/Sandeep Kumar/OneDrive/Pictures/Documents/OneDrive/Pictures/Documents/Main Project Code/cocobot/test/widget_test.dart [E]
  Failed to load "C:/Users/Sandeep Kumar/OneDrive/Pictures/Documents/OneDrive/Pictures/Documents/Main Project Code/cocobot/test/widget_test.dart":
  Compilation failed for testPath=C:/Users/Sandeep Kumar/OneDrive/Pictures/Documents/OneDrive/Pictures/Documents/Main Project Code/cocobot/test/widget_test.dart: lib/theme/app_theme.dart:37:18: Error: The argument type 'CardTheme' can't be assigned to the parameter type 'CardThemeData?'.
   - 'CardTheme' is from 'package:flutter/src/material/card_theme.dart' ('/C:/flutter/packages/flutter/lib/src/material/card_theme.dart').
   - 'CardThemeData' is from 'package:flutter/src/material/card_theme.dart' ('/C:/flutter/packages/flutter/lib/src/material/card_theme.dart').
        cardTheme: CardTheme(
                   ^
  .
00:00 +0 -1: Some tests failed.
